// Jest Snapshot v1, https://goo.gl/fbAQLP

exports[`Footer renders correctly 1`] = `
<div
  className="css-88d1mg"
  data-testid="footer-wrapper"
>
  <div
    className="css-qk3z1t"
  >
    <div
      className="css-10n2x14"
    >
      <h3
        className="css-1o1a0c3"
      >
        Need Help
      </h3>
      <ul
        className="css-rj3s1a"
      >
        <li
          className="css-ebo1y3"
        >
          <a
            className="css-1gb7hpx"
            href=""
          >
            Contact Us
          </a>
        </li>
        <li
          className="css-ebo1y3"
        >
          <a
            className="css-1gb7hpx"
            href=""
          >
            Track Order
          </a>
        </li>
        <li
          className="css-ebo1y3"
        >
          <a
            className="css-1gb7hpx"
            href=""
          >
            Returns & Refunds
          </a>
        </li>
        <li
          className="css-ebo1y3"
        >
          <a
            className="css-1gb7hpx"
            href=""
          >
            FAQ's
          </a>
        </li>
        <li
          className="css-ebo1y3"
        >
          <a
            className="css-1gb7hpx"
            href=""
          >
            Career
          </a>
        </li>
      </ul>
    </div>
    <div
      className="css-10n2x14"
    >
      <h3
        className="css-1o1a0c3"
      >
        Company
      </h3>
      <ul
        className="css-rj3s1a"
      >
        <li
          className="css-ebo1y3"
        >
          <a
            className="css-1gb7hpx"
            href=""
          >
            About Us
          </a>
        </li>
        <li
          className="css-ebo1y3"
        >
          <a
            className="css-1gb7hpx"
            href=""
          >
            euphoria Blog
          </a>
        </li>
        <li
          className="css-ebo1y3"
        >
          <a
            className="css-1gb7hpx"
            href=""
          >
            euphoriastan
          </a>
        </li>
        <li
          className="css-ebo1y3"
        >
          <a
            className="css-1gb7hpx"
            href=""
          >
            Collaboration
          </a>
        </li>
        <li
          className="css-ebo1y3"
        >
          <a
            className="css-1gb7hpx"
            href=""
          >
            Media
          </a>
        </li>
      </ul>
    </div>
    <div
      className="css-10n2x14"
    >
      <h3
        className="css-1o1a0c3"
      >
        More Info
      </h3>
      <ul
        className="css-rj3s1a"
      >
        <li
          className="css-ebo1y3"
        >
          <a
            className="css-1gb7hpx"
          >
            support@euphoria.in
          </a>
        </li>
        <li
          className="css-ebo1y3"
        >
          <a
            className="css-1gb7hpx"
          >
            Term and Conditions
          </a>
        </li>
        <li
          className="css-ebo1y3"
        >
          <a
            className="css-1gb7hpx"
          >
            Privacy Policy
          </a>
        </li>
        <li
          className="css-ebo1y3"
        >
          <a
            className="css-1gb7hpx"
          >
            Shipping Policy
          </a>
        </li>
        <li
          className="css-ebo1y3"
        >
          <a
            className="css-1gb7hpx"
          >
            Sitemap
          </a>
        </li>
      </ul>
    </div>
    <div
      className="css-10n2x14"
    >
      <h3
        className="css-1o1a0c3"
      >
        Location
      </h3>
      <ul
        className="css-rj3s1a"
      >
        <li
          className="css-ebo1y3"
        >
          <a
            className="css-1gb7hpx"
          >
            support@euphoria.in
          </a>
        </li>
        <li
          className="css-ebo1y3"
        >
          <a
            className="css-1gb7hpx"
          >
            Eklingpura Chouraha, Ahmedabad Main Road
          </a>
        </li>
        <li
          className="css-ebo1y3"
        >
          <a
            className="css-1gb7hpx"
          >
            (NH 8- Near Mahadev Hotel) Udaipur, India- 313002
          </a>
        </li>
      </ul>
    </div>
  </div>
</div>
`;
